2025-11-30 11:59:59Z	AG preflight started.
2025-11-30 11:59:59Z	COPIED: D:\seasonal_outbreak_assets\FEATURES_MASTER.txt.txt -> D:\Repos\Seasonal_outbreaks_Godot\migration\FEATURES_MASTER.txt.txt
2025-11-30 11:59:59Z	COPIED: D:\seasonal_outbreak_assets\seasonal outbreak - Revised.docx -> D:\Repos\Seasonal_outbreaks_Godot\migration\seasonal outbreak - Revised.docx
2025-11-30 11:59:59Z	FOUND main manifest: D:\Repos\Seasonal_outbreaks_Godot\migration\asset_mappings.json
2025-11-30 11:59:59Z	FOUND visuals manifest: D:\Repos\Seasonal_outbreaks_Godot\migration\asset_mappings_visuals_full.json
2025-11-30 12:00:00Z	Loaded main manifest entries: 91
2025-11-30 12:00:00Z	Loaded visuals manifest entries: 87
2025-11-30 12:00:00Z	Validated: ui_pop.ogg exists=True match=True
2025-11-30 12:00:00Z	Validated: ambulance_siren.ogg exists=True match=True
2025-11-30 12:00:00Z	Validated: infect.ogg exists=True match=True
2025-11-30 12:00:00Z	Validated: ambient_bg.ogg exists=True match=True
2025-11-30 12:00:00Z	Validated: alert.apng exists=True match=True
2025-11-30 12:00:00Z	Validated: alert.gif exists=True match=True
2025-11-30 12:00:00Z	Validated: ambulance.apng exists=True match=True
2025-11-30 12:00:00Z	Validated: ambulance.gif exists=True match=True
2025-11-30 12:00:00Z	Validated: ambulance.json exists=True match=True
2025-11-30 12:00:00Z	Validated: bacteria_blob.apng exists=True match=True
2025-11-30 12:00:00Z	Validated: bacteria_blob.gif exists=True match=True
2025-11-30 12:00:00Z	Validated: calendar.apng exists=True match=True
2025-11-30 12:00:00Z	Validated: calendar.gif exists=True match=True
2025-11-30 12:00:00Z	Validated: clinic_marker.apng exists=True match=True
2025-11-30 12:00:00Z	Validated: clinic_marker.gif exists=True match=True
2025-11-30 12:00:00Z	Validated: doctor_avatar.apng exists=True match=True
2025-11-30 12:00:00Z	Validated: doctor_avatar.gif exists=True match=True
2025-11-30 12:00:00Z	Validated: facility.apng exists=True match=True
2025-11-30 12:00:00Z	Validated: facility.gif exists=True match=True
2025-11-30 12:00:00Z	Validated: hospital.apng exists=True match=True
2025-11-30 12:00:00Z	Validated: hospital.gif exists=True match=True
2025-11-30 12:00:00Z	Validated: icon_hud.apng exists=True match=True
2025-11-30 12:00:00Z	Validated: icon_hud.gif exists=True match=True
2025-11-30 12:00:00Z	Validated: manifest.json exists=True match=True
2025-11-30 12:00:00Z	Validated: mask.apng exists=True match=True
2025-11-30 12:00:00Z	Validated: mask.gif exists=True match=True
2025-11-30 12:00:00Z	Validated: medicine_bottle.apng exists=True match=True
2025-11-30 12:00:00Z	Validated: medicine_bottle.gif exists=True match=True
2025-11-30 12:00:00Z	Validated: microscope.apng exists=True match=True
2025-11-30 12:00:00Z	Validated: microscope.gif exists=True match=True
2025-11-30 12:00:00Z	Validated: nurse_avatar.apng exists=True match=True
2025-11-30 12:00:00Z	Validated: nurse_avatar.gif exists=True match=True
2025-11-30 12:00:00Z	Validated: patient_walk.apng exists=True match=True
2025-11-30 12:00:00Z	Validated: patient_walk.gif exists=True match=True
2025-11-30 12:00:00Z	Validated: patient_walk.json exists=True match=True
2025-11-30 12:00:00Z	Validated: person_avatar.apng exists=True match=True
2025-11-30 12:00:00Z	Validated: person_avatar.gif exists=True match=True
2025-11-30 12:00:00Z	Validated: person_walk.json exists=True match=True
2025-11-30 12:00:00Z	Validated: shield_check.apng exists=True match=True
2025-11-30 12:00:00Z	Validated: shield_check.gif exists=True match=True
2025-11-30 12:00:00Z	Validated: stat_chart.apng exists=True match=True
2025-11-30 12:00:00Z	Validated: stat_chart.gif exists=True match=True
2025-11-30 12:00:00Z	Validated: syringe.apng exists=True match=True
2025-11-30 12:00:00Z	Validated: syringe.gif exists=True match=True
2025-11-30 12:00:00Z	Validated: thermometer.apng exists=True match=True
2025-11-30 12:00:00Z	Validated: thermometer.gif exists=True match=True
2025-11-30 12:00:01Z	Validated: user_outline.apng exists=True match=True
2025-11-30 12:00:01Z	Validated: user_outline.gif exists=True match=True
2025-11-30 12:00:01Z	Validated: virus_particle.apng exists=True match=True
2025-11-30 12:00:01Z	Validated: virus_particle.gif exists=True match=True
2025-11-30 12:00:01Z	Validated: virus.apng exists=True match=True
2025-11-30 12:00:01Z	Validated: virus.gif exists=True match=True
2025-11-30 12:00:01Z	Validated: warning_triangle.apng exists=True match=True
2025-11-30 12:00:01Z	Validated: warning_triangle.gif exists=True match=True
2025-11-30 12:00:01Z	Validated: alert.svg exists=True match=True
2025-11-30 12:00:01Z	Validated: ambulance.svg exists=True match=True
2025-11-30 12:00:01Z	Validated: bacteria_blob.svg exists=True match=True
2025-11-30 12:00:01Z	Validated: calendar.svg exists=True match=True
2025-11-30 12:00:01Z	Validated: clinic_marker.svg exists=True match=True
2025-11-30 12:00:01Z	Validated: doctor_avatar.svg exists=True match=True
2025-11-30 12:00:01Z	Validated: facility.svg exists=True match=True
2025-11-30 12:00:01Z	Validated: hospital.svg exists=True match=True
2025-11-30 12:00:01Z	Validated: icon_hud.svg exists=True match=True
2025-11-30 12:00:01Z	Validated: mask.svg exists=True match=True
2025-11-30 12:00:01Z	Validated: medicine_bottle.svg exists=True match=True
2025-11-30 12:00:01Z	Validated: microscope.svg exists=True match=True
2025-11-30 12:00:01Z	Validated: nurse_avatar.svg exists=True match=True
2025-11-30 12:00:01Z	Validated: patient_walk.svg exists=True match=True
2025-11-30 12:00:01Z	Validated: person_avatar.svg exists=True match=True
2025-11-30 12:00:01Z	Validated: shield_check.svg exists=True match=True
2025-11-30 12:00:01Z	Validated: stat_chart.svg exists=True match=True
2025-11-30 12:00:01Z	Validated: syringe.svg exists=True match=True
2025-11-30 12:00:01Z	Validated: thermometer.svg exists=True match=True
2025-11-30 12:00:01Z	Validated: user_outline.svg exists=True match=True
2025-11-30 12:00:01Z	Validated: virus_particle.svg exists=True match=True
2025-11-30 12:00:01Z	Validated: virus.svg exists=True match=True
2025-11-30 12:00:01Z	Validated: warning_triangle.svg exists=True match=True
2025-11-30 12:00:01Z	Validated: ambient_bg.ogg exists=True match=True
2025-11-30 12:00:01Z	Validated: ambient_bg.wav exists=True match=True
2025-11-30 12:00:01Z	Validated: ambulance_siren.ogg exists=True match=True
2025-11-30 12:00:01Z	Validated: ambulance_siren.wav exists=True match=True
2025-11-30 12:00:01Z	Validated: hospital-corridors-with-f-7ayj5ooe.normalized.wav exists=True match=True
2025-11-30 12:00:01Z	Validated: hospital-corridors-with-f-7ayj5ooe.wav exists=True match=True
2025-11-30 12:00:01Z	Validated: infect_alert.wav exists=True match=True
2025-11-30 12:00:01Z	Validated: infect.ogg exists=True match=True
2025-11-30 12:00:01Z	Validated: mixkit-sci-fi-click-900.wav exists=True match=True
2025-11-30 12:00:01Z	Validated: mixkit-sick-man-coughing-2221.wav exists=True match=True
2025-11-30 12:00:01Z	Validated: mixkit-slot-machine-win-alert-1931.wav exists=True match=True
2025-11-30 12:00:01Z	Validated: synth-ambulance-20-79441.wav exists=True match=True
2025-11-30 12:00:01Z	Validated: ui_pop.ogg exists=True match=True
2025-11-30 12:00:01Z	Validated: ui_pop.wav exists=True match=True
2025-11-30 12:00:01Z	Validated: alert.apng exists=True match=True
2025-11-30 12:00:01Z	Validated: alert.gif exists=True match=True
2025-11-30 12:00:01Z	Validated: ambulance.apng exists=True match=True
2025-11-30 12:00:01Z	Validated: ambulance.gif exists=True match=True
2025-11-30 12:00:02Z	Validated: ambulance.json exists=True match=True
2025-11-30 12:00:02Z	Validated: bacteria_blob.apng exists=True match=True
2025-11-30 12:00:02Z	Validated: bacteria_blob.gif exists=True match=True
2025-11-30 12:00:02Z	Validated: calendar.apng exists=True match=True
2025-11-30 12:00:02Z	Validated: calendar.gif exists=True match=True
2025-11-30 12:00:02Z	Validated: clinic_marker.apng exists=True match=True
2025-11-30 12:00:02Z	Validated: clinic_marker.gif exists=True match=True
2025-11-30 12:00:02Z	Validated: doctor_avatar.apng exists=True match=True
2025-11-30 12:00:02Z	Validated: doctor_avatar.gif exists=True match=True
2025-11-30 12:00:02Z	Validated: facility.apng exists=True match=True
2025-11-30 12:00:02Z	Validated: facility.gif exists=True match=True
2025-11-30 12:00:02Z	Validated: hospital.apng exists=True match=True
2025-11-30 12:00:02Z	Validated: hospital.gif exists=True match=True
2025-11-30 12:00:02Z	Validated: icon_hud.apng exists=True match=True
2025-11-30 12:00:02Z	Validated: icon_hud.gif exists=True match=True
2025-11-30 12:00:02Z	Validated: manifest.json exists=True match=True
2025-11-30 12:00:02Z	Validated: mask.apng exists=True match=True
2025-11-30 12:00:02Z	Validated: mask.gif exists=True match=True
2025-11-30 12:00:02Z	Validated: medicine_bottle.apng exists=True match=True
2025-11-30 12:00:02Z	Validated: medicine_bottle.gif exists=True match=True
2025-11-30 12:00:02Z	Validated: microscope.apng exists=True match=True
2025-11-30 12:00:02Z	Validated: microscope.gif exists=True match=True
2025-11-30 12:00:02Z	Validated: nurse_avatar.apng exists=True match=True
2025-11-30 12:00:02Z	Validated: nurse_avatar.gif exists=True match=True
2025-11-30 12:00:02Z	Validated: patient_walk.apng exists=True match=True
2025-11-30 12:00:02Z	Validated: patient_walk.gif exists=True match=True
2025-11-30 12:00:02Z	Validated: patient_walk.json exists=True match=True
2025-11-30 12:00:02Z	Validated: person_avatar.apng exists=True match=True
2025-11-30 12:00:02Z	Validated: person_avatar.gif exists=True match=True
2025-11-30 12:00:02Z	Validated: person_walk.json exists=True match=True
2025-11-30 12:00:02Z	Validated: shield_check.apng exists=True match=True
2025-11-30 12:00:02Z	Validated: shield_check.gif exists=True match=True
2025-11-30 12:00:02Z	Validated: stat_chart.apng exists=True match=True
2025-11-30 12:00:02Z	Validated: stat_chart.gif exists=True match=True
2025-11-30 12:00:02Z	Validated: syringe.apng exists=True match=True
2025-11-30 12:00:02Z	Validated: syringe.gif exists=True match=True
2025-11-30 12:00:02Z	Validated: thermometer.apng exists=True match=True
2025-11-30 12:00:02Z	Validated: thermometer.gif exists=True match=True
2025-11-30 12:00:02Z	Validated: user_outline.apng exists=True match=True
2025-11-30 12:00:02Z	Validated: user_outline.gif exists=True match=True
2025-11-30 12:00:02Z	Validated: virus_particle.apng exists=True match=True
2025-11-30 12:00:02Z	Validated: virus_particle.gif exists=True match=True
2025-11-30 12:00:02Z	Validated: virus.apng exists=True match=True
2025-11-30 12:00:02Z	Validated: virus.gif exists=True match=True
2025-11-30 12:00:02Z	Validated: warning_triangle.apng exists=True match=True
2025-11-30 12:00:02Z	Validated: warning_triangle.gif exists=True match=True
2025-11-30 12:00:02Z	Validated: alert.svg exists=True match=True
2025-11-30 12:00:02Z	Validated: ambulance.svg exists=True match=True
2025-11-30 12:00:02Z	Validated: bacteria_blob.svg exists=True match=True
2025-11-30 12:00:02Z	Validated: calendar.svg exists=True match=True
2025-11-30 12:00:02Z	Validated: clinic_marker.svg exists=True match=True
2025-11-30 12:00:03Z	Validated: doctor_avatar.svg exists=True match=True
2025-11-30 12:00:03Z	Validated: facility.svg exists=True match=True
2025-11-30 12:00:03Z	Validated: hospital.svg exists=True match=True
2025-11-30 12:00:03Z	Validated: icon_hud.svg exists=True match=True
2025-11-30 12:00:03Z	Validated: mask.svg exists=True match=True
2025-11-30 12:00:03Z	Validated: medicine_bottle.svg exists=True match=True
2025-11-30 12:00:03Z	Validated: microscope.svg exists=True match=True
2025-11-30 12:00:03Z	Validated: nurse_avatar.svg exists=True match=True
2025-11-30 12:00:03Z	Validated: patient_walk.svg exists=True match=True
2025-11-30 12:00:03Z	Validated: person_avatar.svg exists=True match=True
2025-11-30 12:00:03Z	Validated: shield_check.svg exists=True match=True
2025-11-30 12:00:03Z	Validated: stat_chart.svg exists=True match=True
2025-11-30 12:00:03Z	Validated: syringe.svg exists=True match=True
2025-11-30 12:00:03Z	Validated: thermometer.svg exists=True match=True
2025-11-30 12:00:03Z	Validated: user_outline.svg exists=True match=True
2025-11-30 12:00:03Z	Validated: virus_particle.svg exists=True match=True
2025-11-30 12:00:03Z	Validated: virus.svg exists=True match=True
2025-11-30 12:00:03Z	Validated: warning_triangle.svg exists=True match=True
2025-11-30 12:00:03Z	Validated: ambient_bg.ogg exists=True match=True
2025-11-30 12:00:03Z	Validated: ambient_bg.wav exists=True match=True
2025-11-30 12:00:03Z	Validated: ambulance_siren.ogg exists=True match=True
2025-11-30 12:00:03Z	Validated: ambulance_siren.wav exists=True match=True
2025-11-30 12:00:03Z	Validated: hospital-corridors-with-f-7ayj5ooe.normalized.wav exists=True match=True
2025-11-30 12:00:03Z	Validated: hospital-corridors-with-f-7ayj5ooe.wav exists=True match=True
2025-11-30 12:00:03Z	Validated: infect_alert.wav exists=True match=True
2025-11-30 12:00:03Z	Validated: infect.ogg exists=True match=True
2025-11-30 12:00:03Z	Validated: mixkit-sci-fi-click-900.wav exists=True match=True
2025-11-30 12:00:03Z	Validated: mixkit-sick-man-coughing-2221.wav exists=True match=True
2025-11-30 12:00:03Z	Validated: mixkit-slot-machine-win-alert-1931.wav exists=True match=True
2025-11-30 12:00:03Z	Validated: synth-ambulance-20-79441.wav exists=True match=True
2025-11-30 12:00:03Z	Validated: ui_pop.ogg exists=True match=True
2025-11-30 12:00:03Z	Validated: ui_pop.wav exists=True match=True
2025-11-30 12:00:03Z	Wrote validation reports: D:\Repos\Seasonal_outbreaks_Godot\migration\validation_report.json and D:\Repos\Seasonal_outbreaks_Godot\migration\validation_report.md
2025-11-30 12:00:03Z	Wrote prompt block: D:\Repos\Seasonal_outbreaks_Godot\migration\ag_prompt_blocks\04_wipe_and_regen_policy.txt
2025-11-30 12:00:03Z	Wrote prompt block: D:\Repos\Seasonal_outbreaks_Godot\migration\ag_prompt_blocks\05_headless_validation_and_logs.txt
2025-11-30 12:00:03Z	Wrote prompt block: D:\Repos\Seasonal_outbreaks_Godot\migration\ag_prompt_blocks\06_plan_and_runbook.txt
2025-11-30 12:00:03Z	Wrote prompt block: D:\Repos\Seasonal_outbreaks_Godot\migration\ag_prompt_blocks\03_camera_and_visual_plan.txt
2025-11-30 12:00:03Z	Wrote prompt block: D:\Repos\Seasonal_outbreaks_Godot\migration\ag_prompt_blocks\01_inputs_and_manifest.txt
2025-11-30 12:00:03Z	Wrote prompt block: D:\Repos\Seasonal_outbreaks_Godot\migration\ag_prompt_blocks\02_constraints_and_C01-C15.txt
2025-11-30 12:00:03Z	Wrote prompt block: D:\Repos\Seasonal_outbreaks_Godot\migration\ag_prompt_blocks\00_intent_and_scope.txt
2025-11-30 12:00:03Z	Composed combined AG prompt: D:\Repos\Seasonal_outbreaks_Godot\migration\ag_prompt_full.txt
2025-11-30 12:00:03Z	Wrote camera script: D:\Repos\Seasonal_outbreaks_Godot\scripts\visual_camera.gd
2025-11-30 12:00:03Z	Wrote camera scene skeleton: D:\Repos\Seasonal_outbreaks_Godot\scenes\CameraWrapper.tscn
2025-11-30 12:00:03Z	Wrote quick checks to migration\prep_checks.json
2025-11-30 12:00:03Z	PREP COMPLETE: no critical missing items. Validation report and prompt blocks created.
