ERROR: Attempt to open script 'res://misc/util/ui_scale.gd' resulted in error 'File not found'.
   at: load_source_code (modules/gdscript/gdscript.cpp:1120)
ERROR: Failed loading resource: res://misc/util/ui_scale.gd.
   at: _load (core/io/resource_loader.cpp:343)
ERROR: Failed to instantiate an autoload, can't load from path: res://misc/util/ui_scale.gd.
   at: start (main/main.cpp:4329)
ERROR: Attempt to open script 'reres://scripts/main.gd' resulted in error 'File not found'.
   at: load_source_code (modules/gdscript/gdscript.cpp:1120)
ERROR: Failed loading resource: reres://scripts/main.gd.
   at: _load (core/io/resource_loader.cpp:343)
ERROR: Attempt to open script 'reres://scripts/simulationengine.gd' resulted in error 'File not found'.
   at: load_source_code (modules/gdscript/gdscript.cpp:1120)
ERROR: Failed loading resource: reres://scripts/simulationengine.gd.
   at: _load (core/io/resource_loader.cpp:343)
WARNING: res://scenes/Main.tscn:5 - ext_resource, invalid UID: uid://hud - using text path instead: reres://scenes/hud.tscn
   at: load (scene/resources/resource_format_text.cpp:444)
ERROR: Cannot open file 'reres://scenes/hud.tscn'.
   at: load (scene/resources/resource_format_text.cpp:1387)
ERROR: Failed loading resource: reres://scenes/hud.tscn.
   at: _load (core/io/resource_loader.cpp:343)
ERROR: res://scenes/Main.tscn:8 - Parse Error: [ext_resource] referenced non-existent resource at: reres://scripts/main.gd.
   at: _printerr (scene/resources/resource_format_text.cpp:40)
ERROR: res://scenes/Main.tscn:11 - Parse Error: [ext_resource] referenced non-existent resource at: reres://scripts/simulationengine.gd.
   at: _printerr (scene/resources/resource_format_text.cpp:40)
ERROR: res://scenes/Main.tscn:15 - Parse Error: [ext_resource] referenced non-existent resource at: reres://scenes/hud.tscn.
   at: _printerr (scene/resources/resource_format_text.cpp:40)
WARNING: Node './HUD' was modified from inside an instance, but it has vanished.
   at: instantiate (scene/resources/packed_scene.cpp:254)
