Godot Engine v4.5.1.stable.official.f62fdbde1 - https://godotengine.org
Vulkan 1.3.205 - Forward+ - Using Device #0: NVIDIA - NVIDIA GeForce RTX 2050

ERROR: Unable to open file: res://.godot/imported/patient.png-1b35f29fb45535ffe5daccd91bb120fb.ctex.
   at: _load_data (scene/resources/compressed_texture.cpp:41)
   GDScript backtrace (most recent call first):
       [0] _run_health_check (res://tools/health_check.gd:21)
ERROR: Failed loading resource: res://.godot/imported/patient.png-1b35f29fb45535ffe5daccd91bb120fb.ctex.
   at: _load (core/io/resource_loader.cpp:343)
   GDScript backtrace (most recent call first):
       [0] _run_health_check (res://tools/health_check.gd:21)
ERROR: Failed loading resource: res://res/assets/patient.png.
   at: _load (core/io/resource_loader.cpp:343)
   GDScript backtrace (most recent call first):
       [0] _run_health_check (res://tools/health_check.gd:21)
ERROR: res://res/scenes/Patient.tscn:10 - Parse Error: [ext_resource] referenced non-existent resource at: res://res/assets/patient.png.
   at: _printerr (scene/resources/resource_format_text.cpp:40)
   GDScript backtrace (most recent call first):
       [0] _run_health_check (res://tools/health_check.gd:21)
ERROR: Unable to open file: res://.godot/imported/facility.png-f57f895cf9a5ef30a105a8929ea23a53.ctex.
   at: _load_data (scene/resources/compressed_texture.cpp:41)
   GDScript backtrace (most recent call first):
       [0] _run_health_check (res://tools/health_check.gd:21)
ERROR: Failed loading resource: res://.godot/imported/facility.png-f57f895cf9a5ef30a105a8929ea23a53.ctex.
   at: _load (core/io/resource_loader.cpp:343)
   GDScript backtrace (most recent call first):
       [0] _run_health_check (res://tools/health_check.gd:21)
ERROR: Failed loading resource: res://res/assets/facility.png.
   at: _load (core/io/resource_loader.cpp:343)
   GDScript backtrace (most recent call first):
       [0] _run_health_check (res://tools/health_check.gd:21)
ERROR: res://res/scenes/Facility.tscn:10 - Parse Error: [ext_resource] referenced non-existent resource at: res://res/assets/facility.png.
   at: _printerr (scene/resources/resource_format_text.cpp:40)
   GDScript backtrace (most recent call first):
       [0] _run_health_check (res://tools/health_check.gd:21)
ERROR: Unable to open file: res://.godot/imported/ambulance.png-b9f17f9cddb4e7b41a7e9fb52ba314aa.ctex.
   at: _load_data (scene/resources/compressed_texture.cpp:41)
   GDScript backtrace (most recent call first):
       [0] _run_health_check (res://tools/health_check.gd:21)
ERROR: Failed loading resource: res://.godot/imported/ambulance.png-b9f17f9cddb4e7b41a7e9fb52ba314aa.ctex.
   at: _load (core/io/resource_loader.cpp:343)
   GDScript backtrace (most recent call first):
       [0] _run_health_check (res://tools/health_check.gd:21)
ERROR: Failed loading resource: res://res/assets/ambulance.png.
   at: _load (core/io/resource_loader.cpp:343)
   GDScript backtrace (most recent call first):
       [0] _run_health_check (res://tools/health_check.gd:21)
ERROR: res://res/scenes/Ambulance.tscn:10 - Parse Error: [ext_resource] referenced non-existent resource at: res://res/assets/ambulance.png.
   at: _printerr (scene/resources/resource_format_text.cpp:40)
   GDScript backtrace (most recent call first):
       [0] _run_health_check (res://tools/health_check.gd:21)
SCRIPT ERROR: Parse Error: Could not find type "SimulationEngine" in the current scope.
   at: GDScript::reload (res://res/scripts/Main.gd:9)
   GDScript backtrace (most recent call first):
       [0] _run_health_check (res://tools/health_check.gd:21)
SCRIPT ERROR: Parse Error: Could not find type "CameraController" in the current scope.
   at: GDScript::reload (res://res/scripts/Main.gd:10)
   GDScript backtrace (most recent call first):
       [0] _run_health_check (res://tools/health_check.gd:21)
SCRIPT ERROR: Parse Error: Could not find type "HUD" in the current scope.
   at: GDScript::reload (res://res/scripts/Main.gd:11)
   GDScript backtrace (most recent call first):
       [0] _run_health_check (res://tools/health_check.gd:21)
SCRIPT ERROR: Parse Error: Identifier "SimulationEngine" not declared in the current scope.
   at: GDScript::reload (res://res/scripts/Main.gd:17)
   GDScript backtrace (most recent call first):
       [0] _run_health_check (res://tools/health_check.gd:21)
SCRIPT ERROR: Parse Error: Identifier "CameraController" not declared in the current scope.
   at: GDScript::reload (res://res/scripts/Main.gd:24)
   GDScript backtrace (most recent call first):
       [0] _run_health_check (res://tools/health_check.gd:21)
SCRIPT ERROR: Parse Error: Identifier "HUD" not declared in the current scope.
   at: GDScript::reload (res://res/scripts/Main.gd:31)
   GDScript backtrace (most recent call first):
       [0] _run_health_check (res://tools/health_check.gd:21)
ERROR: Failed to load script "res://res/scripts/Main.gd" with error "Parse error".
   at: load (modules/gdscript/gdscript.cpp:3041)
   GDScript backtrace (most recent call first):
       [0] _run_health_check (res://tools/health_check.gd:21)
SCRIPT ERROR: Parse Error: Could not find type "SimulationEngine" in the current scope.
   at: GDScript::reload (res://res/scripts/HUD.gd:4)
   GDScript backtrace (most recent call first):
       [0] _run_health_check (res://tools/health_check.gd:21)
SCRIPT ERROR: Parse Error: Could not find type "SimulationEngine" in the current scope.
   at: GDScript::reload (res://res/scripts/HUD.gd:16)
   GDScript backtrace (most recent call first):
       [0] _run_health_check (res://tools/health_check.gd:21)
ERROR: Failed to load script "res://res/scripts/HUD.gd" with error "Parse error".
   at: load (modules/gdscript/gdscript.cpp:3041)
   GDScript backtrace (most recent call first):
       [0] _run_health_check (res://tools/health_check.gd:21)
HEALTH_CHECK_OK
