Godot Engine v4.5.1.stable.official.f62fdbde1 - https://godotengine.org
Vulkan 1.3.205 - Forward+ - Using Device #0: NVIDIA - NVIDIA GeForce RTX 2050

Running Health Check...
ERROR: res://scenes/Main.tscn:1 - Parse Error: Expected '['.
   at: _printerr (scene/resources/resource_format_text.cpp:40)
   GDScript backtrace (most recent call first):
       [0] _init (res://tools/health_check.gd:8)
ERROR: Failed loading resource: res://scenes/Main.tscn.
   at: _load (core/io/resource_loader.cpp:343)
   GDScript backtrace (most recent call first):
       [0] _init (res://tools/health_check.gd:8)
ERROR: Error loading resource: 'res://scenes/Main.tscn'.
   at: load (core/core_bind.cpp:74)
   GDScript backtrace (most recent call first):
       [0] _init (res://tools/health_check.gd:8)
LOAD FAIL: res://scenes/Main.tscn
ERROR: res://scenes/Patient.tscn:1 - Parse Error: Expected '['.
   at: _printerr (scene/resources/resource_format_text.cpp:40)
   GDScript backtrace (most recent call first):
       [0] _init (res://tools/health_check.gd:8)
ERROR: Failed loading resource: res://scenes/Patient.tscn.
   at: _load (core/io/resource_loader.cpp:343)
   GDScript backtrace (most recent call first):
       [0] _init (res://tools/health_check.gd:8)
ERROR: Error loading resource: 'res://scenes/Patient.tscn'.
   at: load (core/core_bind.cpp:74)
   GDScript backtrace (most recent call first):
       [0] _init (res://tools/health_check.gd:8)
LOAD FAIL: res://scenes/Patient.tscn
ERROR: res://scenes/Facility.tscn:1 - Parse Error: Expected '['.
   at: _printerr (scene/resources/resource_format_text.cpp:40)
   GDScript backtrace (most recent call first):
       [0] _init (res://tools/health_check.gd:8)
ERROR: Failed loading resource: res://scenes/Facility.tscn.
   at: _load (core/io/resource_loader.cpp:343)
   GDScript backtrace (most recent call first):
       [0] _init (res://tools/health_check.gd:8)
ERROR: Error loading resource: 'res://scenes/Facility.tscn'.
   at: load (core/core_bind.cpp:74)
   GDScript backtrace (most recent call first):
       [0] _init (res://tools/health_check.gd:8)
LOAD FAIL: res://scenes/Facility.tscn
ERROR: res://scenes/Ambulance.tscn:1 - Parse Error: Expected '['.
   at: _printerr (scene/resources/resource_format_text.cpp:40)
   GDScript backtrace (most recent call first):
       [0] _init (res://tools/health_check.gd:8)
ERROR: Failed loading resource: res://scenes/Ambulance.tscn.
   at: _load (core/io/resource_loader.cpp:343)
   GDScript backtrace (most recent call first):
       [0] _init (res://tools/health_check.gd:8)
ERROR: Error loading resource: 'res://scenes/Ambulance.tscn'.
   at: load (core/core_bind.cpp:74)
   GDScript backtrace (most recent call first):
       [0] _init (res://tools/health_check.gd:8)
LOAD FAIL: res://scenes/Ambulance.tscn
HEALTH_CHECK_FAILED
ERROR: Attempt to open script 'res://scripts/AudioManager.gd' resulted in error 'File not found'.
   at: load_source_code (modules/gdscript/gdscript.cpp:1120)
ERROR: Failed loading resource: res://scripts/AudioManager.gd.
   at: _load (core/io/resource_loader.cpp:343)
ERROR: Failed to instantiate an autoload, can't load from path: res://scripts/AudioManager.gd.
   at: start (main/main.cpp:4329)
