Godot Engine v4.5.1.stable.official.f62fdbde1 - https://godotengine.org

Running Health Check...
MISSING: res://scenes/Main.tscn
ERROR: Attempt to open script 'res://scripts/Patient.gd' resulted in error 'File not found'.
   at: load_source_code (modules/gdscript/gdscript.cpp:1120)
   GDScript backtrace (most recent call first):
       [0] _init (res://tools/health_check.gd:8)
ERROR: Failed loading resource: res://scripts/Patient.gd.
   at: _load (core/io/resource_loader.cpp:343)
   GDScript backtrace (most recent call first):
       [0] _init (res://tools/health_check.gd:8)
ERROR: res://scenes/Patient.tscn:12 - Parse Error: [ext_resource] referenced non-existent resource at: res://scripts/Patient.gd.
   at: _printerr (scene/resources/resource_format_text.cpp:40)
   GDScript backtrace (most recent call first):
       [0] _init (res://tools/health_check.gd:8)
LOAD OK: res://scenes/Patient.tscn
ERROR: Attempt to open script 'res://scripts/Facility.gd' resulted in error 'File not found'.
   at: load_source_code (modules/gdscript/gdscript.cpp:1120)
   GDScript backtrace (most recent call first):
       [0] _init (res://tools/health_check.gd:8)
ERROR: Failed loading resource: res://scripts/Facility.gd.
   at: _load (core/io/resource_loader.cpp:343)
   GDScript backtrace (most recent call first):
       [0] _init (res://tools/health_check.gd:8)
ERROR: res://scenes/Facility.tscn:12 - Parse Error: [ext_resource] referenced non-existent resource at: res://scripts/Facility.gd.
   at: _printerr (scene/resources/resource_format_text.cpp:40)
   GDScript backtrace (most recent call first):
       [0] _init (res://tools/health_check.gd:8)
LOAD OK: res://scenes/Facility.tscn
ERROR: Attempt to open script 'res://scripts/Ambulance.gd' resulted in error 'File not found'.
   at: load_source_code (modules/gdscript/gdscript.cpp:1120)
   GDScript backtrace (most recent call first):
       [0] _init (res://tools/health_check.gd:8)
ERROR: Failed loading resource: res://scripts/Ambulance.gd.
   at: _load (core/io/resource_loader.cpp:343)
   GDScript backtrace (most recent call first):
       [0] _init (res://tools/health_check.gd:8)
ERROR: res://scenes/Ambulance.tscn:12 - Parse Error: [ext_resource] referenced non-existent resource at: res://scripts/Ambulance.gd.
   at: _printerr (scene/resources/resource_format_text.cpp:40)
   GDScript backtrace (most recent call first):
       [0] _init (res://tools/health_check.gd:8)
LOAD OK: res://scenes/Ambulance.tscn
HEALTH_CHECK_FAILED
ERROR: Attempt to open script 'res://scripts/AudioManager.gd' resulted in error 'File not found'.
   at: load_source_code (modules/gdscript/gdscript.cpp:1120)
ERROR: Failed loading resource: res://scripts/AudioManager.gd.
   at: _load (core/io/resource_loader.cpp:343)
ERROR: Failed to instantiate an autoload, can't load from path: res://scripts/AudioManager.gd.
   at: start (main/main.cpp:4329)
